/home/anila/Desktop/Swarm-robot/install/mobile_robot/lib/python3.12/site-packages/mobile_robot/__init__.py
/home/anila/Desktop/Swarm-robot/install/mobile_robot/lib/python3.12/site-packages/mobile_robot/x_tracker_controller.py
/home/anila/Desktop/Swarm-robot/install/mobile_robot/lib/python3.12/site-packages/mobile_robot/y_tracker_controller.py
/home/anila/Desktop/Swarm-robot/install/mobile_robot/lib/python3.12/site-packages/mobile_robot/robot_chat.py
/home/anila/Desktop/Swarm-robot/install/mobile_robot/lib/python3.12/site-packages/mobile_robot/__pycache__/__init__.cpython-312.pyc
/home/anila/Desktop/Swarm-robot/install/mobile_robot/lib/python3.12/site-packages/mobile_robot/__pycache__/x_tracker_controller.cpython-312.pyc
/home/anila/Desktop/Swarm-robot/install/mobile_robot/lib/python3.12/site-packages/mobile_robot/__pycache__/y_tracker_controller.cpython-312.pyc
/home/anila/Desktop/Swarm-robot/install/mobile_robot/lib/python3.12/site-packages/mobile_robot/__pycache__/robot_chat.cpython-312.pyc
/home/anila/Desktop/Swarm-robot/install/mobile_robot/share/ament_index/resource_index/packages/mobile_robot
/home/anila/Desktop/Swarm-robot/install/mobile_robot/share/mobile_robot/package.xml
/home/anila/Desktop/Swarm-robot/install/mobile_robot/share/mobile_robot/launch/controllers.launch.py
/home/anila/Desktop/Swarm-robot/install/mobile_robot/share/mobile_robot/launch/gazebo_model.launch.py
/home/anila/Desktop/Swarm-robot/install/mobile_robot/share/mobile_robot/launch/spawn_waste.py
/home/anila/Desktop/Swarm-robot/install/mobile_robot/share/mobile_robot/model/robot1.xacro
/home/anila/Desktop/Swarm-robot/install/mobile_robot/share/mobile_robot/model/robot2.xacro
/home/anila/Desktop/Swarm-robot/install/mobile_robot/share/mobile_robot/model/robot_macro.xacro
/home/anila/Desktop/Swarm-robot/install/mobile_robot/share/mobile_robot/model/robot.gazebo
/home/anila/Desktop/Swarm-robot/install/mobile_robot/share/mobile_robot/model
/home/anila/Desktop/Swarm-robot/install/mobile_robot/share/mobile_robot/parameters/bridge_parameters.yaml
/home/anila/Desktop/Swarm-robot/install/mobile_robot/share/mobile_robot/worlds/arena_walls.world
/home/anila/Desktop/Swarm-robot/install/mobile_robot/lib/python3.12/site-packages/mobile_robot-0.0.0-py3.12.egg-info/PKG-INFO
/home/anila/Desktop/Swarm-robot/install/mobile_robot/lib/python3.12/site-packages/mobile_robot-0.0.0-py3.12.egg-info/zip-safe
/home/anila/Desktop/Swarm-robot/install/mobile_robot/lib/python3.12/site-packages/mobile_robot-0.0.0-py3.12.egg-info/dependency_links.txt
/home/anila/Desktop/Swarm-robot/install/mobile_robot/lib/python3.12/site-packages/mobile_robot-0.0.0-py3.12.egg-info/entry_points.txt
/home/anila/Desktop/Swarm-robot/install/mobile_robot/lib/python3.12/site-packages/mobile_robot-0.0.0-py3.12.egg-info/requires.txt
/home/anila/Desktop/Swarm-robot/install/mobile_robot/lib/python3.12/site-packages/mobile_robot-0.0.0-py3.12.egg-info/top_level.txt
/home/anila/Desktop/Swarm-robot/install/mobile_robot/lib/python3.12/site-packages/mobile_robot-0.0.0-py3.12.egg-info/SOURCES.txt
/home/anila/Desktop/Swarm-robot/install/mobile_robot/lib/mobile_robot/robot_chat
/home/anila/Desktop/Swarm-robot/install/mobile_robot/lib/mobile_robot/x_tracker
/home/anila/Desktop/Swarm-robot/install/mobile_robot/lib/mobile_robot/y_tracker
